TO: dev-backend@demo.test | STATUS: logged | SUBJECT: New message about the Backend Engineer position at Acme AI — 10Apply | SMTP not configured; recorded to outbox log
Hi Dev Backend,

ava@demo.acme.test wrote to you about the Backend Engineer position at Acme AI:

"Quick hello from the verification script"

— Reply in 10Apply to continue the conversation.
------------------------------------------------------------
TO: fresh_1791326141@demo.test | STATUS: logged | SUBJECT: New message about the Backend Engineer position at TestCo — 10Apply | SMTP not configured; recorded to outbox log
Hi fresh_1791326141,

e_1791326825@demo.test wrote to you about the Backend Engineer position at TestCo:

"hello from audit"

— Reply in 10Apply to continue the conversation.
------------------------------------------------------------
TO: front-react@demo.test | STATUS: logged | SUBJECT: New message about the Frontend Engineer position at Acme AI — 10Apply | SMTP not configured; recorded to outbox log
Hi Rae Frontend,

ava@demo.acme.test wrote to you about the Frontend Engineer position at Acme AI:

"Hi Rae, we'd love to chat about the Frontend Engineer position at Acme AI. Are you available this week?"

— Reply in 10Apply to continue the conversation.
------------------------------------------------------------
TO: front-react@demo.test | STATUS: logged | SUBJECT: New message about the Frontend Engineer position at Acme AI — 10Apply | SMTP not configured; recorded to outbox log
Hi Rae Frontend,

ava@demo.acme.test wrote to you about the Frontend Engineer position at Acme AI:

"Hi Rae, we'd love to chat about the Frontend Engineer position at Acme AI. Are you available this week?"

— Reply in 10Apply to continue the conversation.
------------------------------------------------------------
TO: des-ign@demo.test | STATUS: logged | SUBJECT: New message about the iOS Engineer position at Acme AI — 10Apply | SMTP not configured; recorded to outbox log
Hi Des Ign,

ava@demo.acme.test wrote to you about the iOS Engineer position at Acme AI:

"Hi, love your profile — free for a chat?"

— Reply in 10Apply to continue the conversation.
------------------------------------------------------------
TO: ava@demo.acme.test | STATUS: logged | SUBJECT: Reply about the iOS Engineer position at Acme AI — 10Apply | SMTP not configured; recorded to outbox log
Hi,

dev-backend@demo.test replied about the iOS Engineer position at Acme AI:

"Yes! Thursday works for me."

— Reply in 10Apply to continue the conversation.
------------------------------------------------------------
TO: des-ign@demo.test | STATUS: logged | SUBJECT: New message about the iOS Engineer position at Acme AI — 10Apply | SMTP not configured; recorded to outbox log
Hi Des Ign,

ava@demo.acme.test wrote to you about the iOS Engineer position at Acme AI:

"Hi Des, we'd love to chat about the iOS Engineer position at Acme AI. Are you available this week?"

— Reply in 10Apply to continue the conversation.
------------------------------------------------------------
TO: front-react@demo.test | STATUS: logged | SUBJECT: New message about the Frontend Engineer position at Acme AI — 10Apply | SMTP not configured; recorded to outbox log
Hi Rae Frontend,

ava@demo.acme.test wrote to you about the Frontend Engineer position at Acme AI:

"Hi Rae, we'd love to chat about the Frontend Engineer position at Acme AI. Are you available this week?"

— Reply in 10Apply to continue the conversation.
------------------------------------------------------------
